
-------------------------------------------------------------------------------
   ROBOCOPY     ::     Robust File Copy for Windows                              
-------------------------------------------------------------------------------

  Started : Thursday, May 28, 2026 10:27:17 PM
   Source : C:\UE\T66\
     Dest : C:\UE\T66_B13_Worktree\

    Files : *.*
	    
Exc Files : *.sln.DotSettings.user
	    
 Exc Dirs : .git
	    Saved
	    Intermediate
	    Binaries
	    DerivedDataCache
	    .vs
	    
  Options : *.* /NDL /NFL /S /E /DCOPY:DA /COPY:DAT /PURGE /MIR /NP /R:2 /W:2 

------------------------------------------------------------------------------


------------------------------------------------------------------------------

               Total    Copied   Skipped  Mismatch    FAILED    Extras
    Dirs :      3845      3837         8         0         0         0
   Files :     18104     18104         0         0         0         0
   Bytes :  25.701 g  25.701 g         0         0         0         0
   Times :   0:01:29   0:01:22                       0:00:00   0:00:06


   Speed :           332,961,380 Bytes/sec.
   Speed :            19,052.203 MegaBytes/min.
   Ended : Thursday, May 28, 2026 10:28:46 PM

