FFmpeg: C:\Users\DoPra\.local\bin\ffmpeg.cmd
Frames: C:\UE\T66\Saved\VideoCaptures\hero1axedotvfxbinding_20260529_225041\frames
Output: C:\UE\T66\Saved\VideoCaptures\hero1axedotvfxbinding_20260529_225041\hero1axedotvfxbinding.mp4
Evidence bundle: C:\UE\T66\Saved\VideoCaptures\hero1axedotvfxbinding_20260529_225041\evidence
C:\Program Files\Epic Games\UE_5.7\Engine\Binaries\Win64\UnrealEditor.exe C:\UE\T66\T66.uproject /Game/Maps/GameplayLevel -game -windowed -ResX=1280 -ResY=720 -T66AutomationResX=1280 -T66AutomationResY=720 -T66AutomationWindowed -T66GameplayAutoCapture=hero1axedotvfxbinding -T66GameplayAutoScreenshotSequenceDir=C:\UE\T66\Saved\VideoCaptures\hero1axedotvfxbinding_20260529_225041\frames -T66GameplayAutoScreenshotSequencePrefix=frame -T66GameplayAutoScreenshotSequenceCount=90 -T66GameplayAutoScreenshotSequenceInterval=0.08 -T66GameplayAutoScreenshotDelay=5 -T66GameplayAutoPostCaptureScreenshotDelay=0.2 -unattended -nop4 -nosplash -ExecCmds="T66.Camera.GameplayPreset 1,T66.Camera.LockedChasePitch -30,T66.Camera.LockedChaseArmLength 540,T66.Camera.LockedChasePivotHeight 145,T66.Camera.ConstrainAgainstTowerWalls 0,T66.Camera.WallOcclusionEnabled 0,T66.Combat.DebugView 2,T66.Combat.DebugLabels 1,T66.Combat.ImpactSourceVerbose 1" -T66Hero1AxeAOEHitboxFireDelay=7.6 -T66Hero1AxeAOEHitboxVFXLeadSeconds=0.12
Input #0, image2, from 'C:\UE\T66\Saved\VideoCaptures\hero1axedotvfxbinding_20260529_225041\frames\frame_%04d.png':
  Duration: 00:00:07.50, start: 0.000000, bitrate: N/A
  Stream #0:0: Video: png, rgba(pc, gbr/unknown/unknown), 1280x720, 12 fps, 12 tbr, 12 tbn
Stream mapping:
  Stream #0:0 -> #0:0 (png (native) -> h264 (libx264))
Press [q] to stop, [?] for help
[libx264 @ 0000015db8751180] using cpu capabilities: MMX2 SSE2Fast SSSE3 SSE4.2 AVX FMA3 BMI2 AVX2
[libx264 @ 0000015db8751180] profile High, level 3.1, 4:2:0, 8-bit
[libx264 @ 0000015db8751180] 264 - core 165 r3223 0480cb0 - H.264/MPEG-4 AVC codec - Copyleft 2003-2025 - http://www.videolan.org/x264.html - options: cabac=1 ref=3 deblock=1:0:0 analyse=0x3:0x113 me=hex subme=7 psy=1 psy_rd=1.00:0.00 mixed_ref=1 me_range=16 chroma_me=1 trellis=1 8x8dct=1 cqm=0 deadzone=21,11 fast_pskip=1 chroma_qp_offset=-2 threads=22 lookahead_threads=3 sliced_threads=0 nr=0 decimate=1 interlaced=0 bluray_compat=0 constrained_intra=0 bframes=3 b_pyramid=2 b_adapt=1 b_bias=0 direct=1 weightb=1 open_gop=0 weightp=2 keyint=250 keyint_min=12 scenecut=40 intra_refresh=0 rc_lookahead=40 rc=crf mbtree=1 crf=23.0 qcomp=0.60 qpmin=0 qpmax=69 qpstep=4 ip_ratio=1.40 aq=1:1.00
Output #0, mp4, to 'C:\UE\T66\Saved\VideoCaptures\hero1axedotvfxbinding_20260529_225041\hero1axedotvfxbinding.mp4':
  Metadata:
    encoder         : Lavf62.12.101
  Stream #0:0: Video: h264 (avc1 / 0x31637661), yuv420p(tv, progressive), 1280x720, q=2-31, 12 fps, 12288 tbn
    Metadata:
      encoder         : Lavc62.28.101 libx264
    Side data:
      CPB properties: bitrate max/min/avg: 0/0/0 buffer size: 0 vbv_delay: N/A
[mp4 @ 0000015db87507c0] Starting second pass: moving the moov atom to the beginning of the file
[out#0/mp4 @ 0000015db6161580] video:102KiB audio:0KiB subtitle:0KiB other streams:0KiB global headers:0KiB muxing overhead: 1.850792%
frame=   90 fps=0.0 q=-1.0 Lsize=     104KiB time=00:00:07.33 bitrate= 116.5kbits/s speed=25.9x elapsed=0:00:00.28    
[libx264 @ 0000015db8751180] frame I:1     Avg QP:15.96  size: 71947
[libx264 @ 0000015db8751180] frame P:23    Avg QP:16.13  size:   716
[libx264 @ 0000015db8751180] frame B:66    Avg QP:20.18  size:   238
[libx264 @ 0000015db8751180] consecutive B-frames:  2.2%  0.0%  0.0% 97.8%
[libx264 @ 0000015db8751180] mb I  I16..4:  5.2% 48.9% 45.9%
[libx264 @ 0000015db8751180] mb P  I16..4:  0.0%  0.1%  0.0%  P16..4:  4.4%  0.4%  0.4%  0.0%  0.0%    skip:94.6%
[libx264 @ 0000015db8751180] mb B  I16..4:  0.0%  0.0%  0.0%  B16..8:  3.0%  0.0%  0.0%  direct: 0.0%  skip:96.9%  L0:34.0% L1:66.0% BI: 0.0%
[libx264 @ 0000015db8751180] 8x8 transform intra:48.0% inter:87.3%
[libx264 @ 0000015db8751180] coded y,uvDC,uvAC intra: 70.1% 86.5% 67.1% inter: 0.2% 0.8% 0.0%
[libx264 @ 0000015db8751180] i16 v,h,dc,p: 46% 26% 12% 15%
[libx264 @ 0000015db8751180] i8 v,h,dc,ddl,ddr,vr,hd,vl,hu: 27% 30% 13%  4%  5%  6%  5%  4%  5%
[libx264 @ 0000015db8751180] i4 v,h,dc,ddl,ddr,vr,hd,vl,hu: 27% 33%  9%  5%  5%  6%  6%  4%  4%
[libx264 @ 0000015db8751180] i8c dc,h,v,p: 44% 33% 18%  6%
[libx264 @ 0000015db8751180] Weighted P-Frames: Y:0.0% UV:0.0%
[libx264 @ 0000015db8751180] ref P L0: 77.2%  0.3% 13.6%  8.9%
[libx264 @ 0000015db8751180] ref B L0: 69.4% 29.8%  0.8%
[libx264 @ 0000015db8751180] ref B L1: 96.6%  3.4%
[libx264 @ 0000015db8751180] kb/s:111.07
Evidence bundle: C:\UE\T66\Saved\VideoCaptures\hero1axedotvfxbinding_20260529_225041\evidence
Contact sheet: C:\UE\T66\Saved\VideoCaptures\hero1axedotvfxbinding_20260529_225041\evidence\contact_sheet.png
Manifest: C:\UE\T66\Saved\VideoCaptures\hero1axedotvfxbinding_20260529_225041\evidence\manifest.json
Evidence bundle: C:\UE\T66\Saved\VideoCaptures\hero1axedotvfxbinding_20260529_225041\evidence
Frame sequence: C:\UE\T66\Saved\VideoCaptures\hero1axedotvfxbinding_20260529_225041\frames
Captured video: C:\UE\T66\Saved\VideoCaptures\hero1axedotvfxbinding_20260529_225041\hero1axedotvfxbinding.mp4
