Using bundled DotNet SDK version: 8.0.412 win-x64
Running UnrealBuildTool: dotnet "..\..\Engine\Binaries\DotNET\UnrealBuildTool\UnrealBuildTool.dll" T66Editor Win64 Development -Project=C:\UE\T66\T66.uproject -WaitMutex -NoHotReloadFromIDE
Log file: C:\Users\DoPra\AppData\Local\UnrealBuildTool\Log.txt
Invalidating makefile for T66Editor (source file added)
C:\UE\T66\Source\T66Mini\T66Mini.Build.cs: warning: Referenced directory 'C:\UE\T66\Source\T66Mini\Public\UI\Components' does not exist.
UHT compiled-in object format Default
Parsing headers for T66Editor
  Running Internal UnrealHeaderTool C:\UE\T66\T66.uproject C:\UE\T66\Intermediate\Build\Win64\T66Editor\Development\T66Editor.uhtmanifest -WarningsAsErrors -installed
UHT processed T66Editor in 10.6055909 seconds (3 files written)
Building T66Editor...
Using Visual Studio 2022 14.44.35222 toolchain (C:\Program Files\Microsoft Visual Studio\2022\Community\VC\Tools\MSVC\14.44.35207) and Windows 10.0.22621.0 SDK (C:\Program Files (x86)\Windows Kits\10).
Determining max actions to execute in parallel (24 physical cores, 32 logical cores)
  Executing up to 24 processes, one per physical core
Using Unreal Build Accelerator local executor to run 12 action(s)
  Storage capacity 40Gb
---- Starting trace: 260529_224910 ----
UbaSessionServer - Disable remote execution (remote sessions will finish current processes)
[1/12] Compile [x64] Module.T66.1.cpp
[2/12] Compile [x64] Module.T66.5.cpp
[3/12] Compile [x64] Module.T66.4.cpp
[4/12] Compile [x64] Module.T66.30.cpp
[5/12] Compile [x64] Module.T66.28.cpp
[6/12] Compile [x64] Module.T66.26.cpp
[7/12] Compile [x64] Module.T66.27.cpp
C:\UE\T66\Source\T66\Gameplay\T66Hero1AxeAOEVFXLabActor.cpp(353,3): warning C4996: 'FNiagaraEmitterInstance::IsReadyToRun': Please update your code to handle execution path for different emitter types - Please update your code to the new API before upgrading to the next release, otherwise your project will no longer compile.
		UE_LOG(
		^
[8/12] Compile [x64] Module.T66.29.cpp
[9/12] Compile [x64] Module.T66.32.cpp
[10/12] Link [x64] UnrealEditor-T66.lib
[11/12] Link [x64] UnrealEditor-T66.dll
[12/12] WriteMetadata T66Editor.target [NoUba]

Trace written to file C:/Users/DoPra/AppData/Local/UnrealBuildTool/Log.uba with size 8.9kb
Total time in Unreal Build Accelerator local executor: 48.95 seconds

Result: Succeeded
Total execution time: 70.37 seconds
