[2026-05-07T17:28:08.656887+00:00] START Interactables/Vehicle input=Model Generation/Runs/Interactables/WorldNpcInteractablesRetroBatch01/Raw/Trellis/Interactables/Vehicle/Vehicle_Trellis.glb
[2026-05-07T17:29:11.941770+00:00] FAIL Interactables/Vehicle output=Model Generation/Runs/Interactables/WorldNpcInteractablesRetroBatch01/Retro/QuadRetro/Interactables/Vehicle/Vehicle_QuadRetro.glb
[2026-05-07T17:29:20.655485+00:00] START Interactables/Vehicle input=Model Generation/Runs/Interactables/WorldNpcInteractablesRetroBatch01/Raw/Trellis/Interactables/Vehicle/Vehicle_Trellis.glb
[2026-05-07T17:30:17.910313+00:00] DONE Interactables/Vehicle output=Model Generation/Runs/Interactables/WorldNpcInteractablesRetroBatch01/Retro/QuadRetro/Interactables/Vehicle/Vehicle_QuadRetro.glb
[2026-05-07T17:30:29.431770+00:00] START Interactables/Arcade_Machine input=Model Generation/Runs/Interactables/WorldNpcInteractablesRetroBatch01/Raw/Trellis/Interactables/Arcade_Machine/Arcade_Machine_Trellis.glb
[2026-05-07T17:31:01.848272+00:00] DONE Interactables/Arcade_Machine output=Model Generation/Runs/Interactables/WorldNpcInteractablesRetroBatch01/Retro/QuadRetro/Interactables/Arcade_Machine/Arcade_Machine_QuadRetro.glb
[2026-05-07T17:31:01.850609+00:00] START Interactables/Arcade_WhackAMole input=Model Generation/Runs/Interactables/WorldNpcInteractablesRetroBatch01/Raw/Trellis/Interactables/Arcade_WhackAMole/Arcade_WhackAMole_Trellis.glb
[2026-05-07T17:46:06.303833+00:00] FAIL Interactables/Arcade_WhackAMole exit=1
[2026-05-07T17:46:06.305438+00:00] START Interactables/Arcade_Topwar input=Model Generation/Runs/Interactables/WorldNpcInteractablesRetroBatch01/Raw/Trellis/Interactables/Arcade_Topwar/Arcade_Topwar_Trellis.glb
[2026-05-07T17:46:48.107602+00:00] DONE Interactables/Arcade_Topwar output=Model Generation/Runs/Interactables/WorldNpcInteractablesRetroBatch01/Retro/QuadRetro/Interactables/Arcade_Topwar/Arcade_Topwar_QuadRetro.glb
[2026-05-07T17:46:48.108314+00:00] START Interactables/Arcade_GoldMiner input=Model Generation/Runs/Interactables/WorldNpcInteractablesRetroBatch01/Raw/Trellis/Interactables/Arcade_GoldMiner/Arcade_GoldMiner_Trellis.glb
[2026-05-07T17:53:03.731040+00:00] DONE Interactables/Arcade_GoldMiner output=Model Generation/Runs/Interactables/WorldNpcInteractablesRetroBatch01/Retro/QuadRetro/Interactables/Arcade_GoldMiner/Arcade_GoldMiner_QuadRetro.glb
[2026-05-07T17:53:03.735053+00:00] START Interactables/Arcade_RuneSwipe input=Model Generation/Runs/Interactables/WorldNpcInteractablesRetroBatch01/Raw/Trellis/Interactables/Arcade_RuneSwipe/Arcade_RuneSwipe_Trellis.glb
[2026-05-07T17:53:26.279218+00:00] DONE Interactables/Arcade_RuneSwipe output=Model Generation/Runs/Interactables/WorldNpcInteractablesRetroBatch01/Retro/QuadRetro/Interactables/Arcade_RuneSwipe/Arcade_RuneSwipe_QuadRetro.glb
[2026-05-07T17:54:04.649236+00:00] START Interactables/Arcade_WhackAMole input=Model Generation/Runs/Interactables/WorldNpcInteractablesRetroBatch01/Raw/Trellis/Interactables/Arcade_WhackAMole/Arcade_WhackAMole_Trellis.glb
[2026-05-07T18:09:11.089656+00:00] FAIL Interactables/Arcade_WhackAMole exit=1
[2026-05-07T18:09:11.090965+00:00] START Interactables/Arcade_CartSwitcher input=Model Generation/Runs/Interactables/WorldNpcInteractablesRetroBatch01/Raw/Trellis/Interactables/Arcade_CartSwitcher/Arcade_CartSwitcher_Trellis.glb
[2026-05-07T18:09:48.479349+00:00] DONE Interactables/Arcade_CartSwitcher output=Model Generation/Runs/Interactables/WorldNpcInteractablesRetroBatch01/Retro/QuadRetro/Interactables/Arcade_CartSwitcher/Arcade_CartSwitcher_QuadRetro.glb
[2026-05-07T18:09:48.480136+00:00] START Interactables/Arcade_CrystalDash input=Model Generation/Runs/Interactables/WorldNpcInteractablesRetroBatch01/Raw/Trellis/Interactables/Arcade_CrystalDash/Arcade_CrystalDash_Trellis.glb
[2026-05-07T18:15:57.576168+00:00] DONE Interactables/Arcade_CrystalDash output=Model Generation/Runs/Interactables/WorldNpcInteractablesRetroBatch01/Retro/QuadRetro/Interactables/Arcade_CrystalDash/Arcade_CrystalDash_QuadRetro.glb
[2026-05-07T18:15:57.576892+00:00] START Interactables/Arcade_PotionPour input=Model Generation/Runs/Interactables/WorldNpcInteractablesRetroBatch01/Raw/Trellis/Interactables/Arcade_PotionPour/Arcade_PotionPour_Trellis.glb
[2026-05-07T18:16:56.148673+00:00] DONE Interactables/Arcade_PotionPour output=Model Generation/Runs/Interactables/WorldNpcInteractablesRetroBatch01/Retro/QuadRetro/Interactables/Arcade_PotionPour/Arcade_PotionPour_QuadRetro.glb
[2026-05-07T18:16:56.149446+00:00] START Interactables/Arcade_RelicStack input=Model Generation/Runs/Interactables/WorldNpcInteractablesRetroBatch01/Raw/Trellis/Interactables/Arcade_RelicStack/Arcade_RelicStack_Trellis.glb
[2026-05-07T18:17:24.832849+00:00] DONE Interactables/Arcade_RelicStack output=Model Generation/Runs/Interactables/WorldNpcInteractablesRetroBatch01/Retro/QuadRetro/Interactables/Arcade_RelicStack/Arcade_RelicStack_QuadRetro.glb
[2026-05-07T18:17:35.063093+00:00] START Interactables/Arcade_ShieldParry input=Model Generation/Runs/Interactables/WorldNpcInteractablesRetroBatch01/Raw/Trellis/Interactables/Arcade_ShieldParry/Arcade_ShieldParry_Trellis.glb
[2026-05-07T18:17:56.916609+00:00] DONE Interactables/Arcade_ShieldParry output=Model Generation/Runs/Interactables/WorldNpcInteractablesRetroBatch01/Retro/QuadRetro/Interactables/Arcade_ShieldParry/Arcade_ShieldParry_QuadRetro.glb
[2026-05-07T18:17:56.919121+00:00] START Interactables/Arcade_MimicMemory input=Model Generation/Runs/Interactables/WorldNpcInteractablesRetroBatch01/Raw/Trellis/Interactables/Arcade_MimicMemory/Arcade_MimicMemory_Trellis.glb
[2026-05-07T18:18:26.305571+00:00] DONE Interactables/Arcade_MimicMemory output=Model Generation/Runs/Interactables/WorldNpcInteractablesRetroBatch01/Retro/QuadRetro/Interactables/Arcade_MimicMemory/Arcade_MimicMemory_QuadRetro.glb
[2026-05-07T18:18:26.306111+00:00] START Interactables/Arcade_BombSorter input=Model Generation/Runs/Interactables/WorldNpcInteractablesRetroBatch01/Raw/Trellis/Interactables/Arcade_BombSorter/Arcade_BombSorter_Trellis.glb
[2026-05-07T18:18:56.662432+00:00] DONE Interactables/Arcade_BombSorter output=Model Generation/Runs/Interactables/WorldNpcInteractablesRetroBatch01/Retro/QuadRetro/Interactables/Arcade_BombSorter/Arcade_BombSorter_QuadRetro.glb
[2026-05-07T18:18:56.663020+00:00] START Interactables/Arcade_LanternLeap input=Model Generation/Runs/Interactables/WorldNpcInteractablesRetroBatch01/Raw/Trellis/Interactables/Arcade_LanternLeap/Arcade_LanternLeap_Trellis.glb
[2026-05-07T18:19:21.938475+00:00] DONE Interactables/Arcade_LanternLeap output=Model Generation/Runs/Interactables/WorldNpcInteractablesRetroBatch01/Retro/QuadRetro/Interactables/Arcade_LanternLeap/Arcade_LanternLeap_QuadRetro.glb
[2026-05-07T18:19:21.939038+00:00] START Interactables/Arcade_BladeSweep input=Model Generation/Runs/Interactables/WorldNpcInteractablesRetroBatch01/Raw/Trellis/Interactables/Arcade_BladeSweep/Arcade_BladeSweep_Trellis.glb
[2026-05-07T18:19:49.164674+00:00] DONE Interactables/Arcade_BladeSweep output=Model Generation/Runs/Interactables/WorldNpcInteractablesRetroBatch01/Retro/QuadRetro/Interactables/Arcade_BladeSweep/Arcade_BladeSweep_QuadRetro.glb
[2026-05-07T18:19:55.266823+00:00] START Interactables/Crate input=Model Generation/Runs/Interactables/WorldNpcInteractablesRetroBatch01/Raw/Trellis/Interactables/Crate/Crate_Trellis.glb
[2026-05-07T18:20:21.957770+00:00] DONE Interactables/Crate output=Model Generation/Runs/Interactables/WorldNpcInteractablesRetroBatch01/Retro/QuadRetro/Interactables/Crate/Crate_QuadRetro.glb
[2026-05-07T18:20:21.964171+00:00] START Interactables/Chest input=Model Generation/Runs/Interactables/WorldNpcInteractablesRetroBatch01/Raw/Trellis/Interactables/Chest/Chest_Trellis.glb
[2026-05-07T18:24:14.869635+00:00] DONE Interactables/Chest output=Model Generation/Runs/Interactables/WorldNpcInteractablesRetroBatch01/Retro/QuadRetro/Interactables/Chest/Chest_QuadRetro.glb
[2026-05-07T18:24:14.870726+00:00] START Interactables/LootBag_Black input=Model Generation/Runs/Interactables/WorldNpcInteractablesRetroBatch01/Raw/Trellis/Interactables/LootBag_Black/LootBag_Black_Trellis.glb
[2026-05-07T18:24:45.356817+00:00] DONE Interactables/LootBag_Black output=Model Generation/Runs/Interactables/WorldNpcInteractablesRetroBatch01/Retro/QuadRetro/Interactables/LootBag_Black/LootBag_Black_QuadRetro.glb
[2026-05-07T18:24:45.358446+00:00] START Interactables/LootBag_Red input=Model Generation/Runs/Interactables/WorldNpcInteractablesRetroBatch01/Raw/Trellis/Interactables/LootBag_Red/LootBag_Red_Trellis.glb
[2026-05-07T18:25:12.794647+00:00] DONE Interactables/LootBag_Red output=Model Generation/Runs/Interactables/WorldNpcInteractablesRetroBatch01/Retro/QuadRetro/Interactables/LootBag_Red/LootBag_Red_QuadRetro.glb
[2026-05-07T18:25:12.796751+00:00] START Interactables/LootBag_Yellow input=Model Generation/Runs/Interactables/WorldNpcInteractablesRetroBatch01/Raw/Trellis/Interactables/LootBag_Yellow/LootBag_Yellow_Trellis.glb
[2026-05-07T18:25:43.461685+00:00] DONE Interactables/LootBag_Yellow output=Model Generation/Runs/Interactables/WorldNpcInteractablesRetroBatch01/Retro/QuadRetro/Interactables/LootBag_Yellow/LootBag_Yellow_QuadRetro.glb
[2026-05-07T18:25:43.462276+00:00] START Interactables/LootBag_White input=Model Generation/Runs/Interactables/WorldNpcInteractablesRetroBatch01/Raw/Trellis/Interactables/LootBag_White/LootBag_White_Trellis.glb
[2026-05-07T18:26:17.844727+00:00] DONE Interactables/LootBag_White output=Model Generation/Runs/Interactables/WorldNpcInteractablesRetroBatch01/Retro/QuadRetro/Interactables/LootBag_White/LootBag_White_QuadRetro.glb
[2026-05-07T18:26:23.847653+00:00] START Interactables/Fountain input=Model Generation/Runs/Interactables/WorldNpcInteractablesRetroBatch01/Raw/Trellis/Interactables/Fountain/Fountain_Trellis.glb
[2026-05-07T18:26:42.165740+00:00] DONE Interactables/Fountain output=Model Generation/Runs/Interactables/WorldNpcInteractablesRetroBatch01/Retro/QuadRetro/Interactables/Fountain/Fountain_QuadRetro.glb
[2026-05-07T18:26:42.167667+00:00] START Interactables/DifficultyTotem input=Model Generation/Runs/Interactables/WorldNpcInteractablesRetroBatch01/Raw/Trellis/Interactables/DifficultyTotem/DifficultyTotem_Trellis.glb
[2026-05-07T18:27:08.757939+00:00] DONE Interactables/DifficultyTotem output=Model Generation/Runs/Interactables/WorldNpcInteractablesRetroBatch01/Retro/QuadRetro/Interactables/DifficultyTotem/DifficultyTotem_QuadRetro.glb
[2026-05-07T18:27:08.759772+00:00] START Interactables/IdolAltar input=Model Generation/Runs/Interactables/WorldNpcInteractablesRetroBatch01/Raw/Trellis/Interactables/IdolAltar/IdolAltar_Trellis.glb
[2026-05-07T18:27:44.965559+00:00] DONE Interactables/IdolAltar output=Model Generation/Runs/Interactables/WorldNpcInteractablesRetroBatch01/Retro/QuadRetro/Interactables/IdolAltar/IdolAltar_QuadRetro.glb
[2026-05-07T18:27:44.969565+00:00] START Interactables/QuickReviveVending input=Model Generation/Runs/Interactables/WorldNpcInteractablesRetroBatch01/Raw/Trellis/Interactables/QuickReviveVending/QuickReviveVending_Trellis.glb
[2026-05-07T18:31:29.855301+00:00] DONE Interactables/QuickReviveVending output=Model Generation/Runs/Interactables/WorldNpcInteractablesRetroBatch01/Retro/QuadRetro/Interactables/QuickReviveVending/QuickReviveVending_QuadRetro.glb
[2026-05-07T18:31:29.856022+00:00] START Interactables/Shroom input=Model Generation/Runs/Interactables/WorldNpcInteractablesRetroBatch01/Raw/Trellis/Interactables/Shroom/Shroom_Trellis.glb
[2026-05-07T18:31:58.294008+00:00] DONE Interactables/Shroom output=Model Generation/Runs/Interactables/WorldNpcInteractablesRetroBatch01/Retro/QuadRetro/Interactables/Shroom/Shroom_QuadRetro.glb
[2026-05-07T18:31:58.295326+00:00] START Interactables/ArcadeAmplifierPickup input=Model Generation/Runs/Interactables/WorldNpcInteractablesRetroBatch01/Raw/Trellis/Interactables/ArcadeAmplifierPickup/ArcadeAmplifierPickup_Trellis.glb
[2026-05-07T18:33:56.149572+00:00] DONE Interactables/ArcadeAmplifierPickup output=Model Generation/Runs/Interactables/WorldNpcInteractablesRetroBatch01/Retro/QuadRetro/Interactables/ArcadeAmplifierPickup/ArcadeAmplifierPickup_QuadRetro.glb
[2026-05-07T18:33:56.153162+00:00] START Interactables/ArcadeAmplifierPickup_Charged input=Model Generation/Runs/Interactables/WorldNpcInteractablesRetroBatch01/Raw/Trellis/Interactables/ArcadeAmplifierPickup_Charged/ArcadeAmplifierPickup_Charged_Trellis.glb
[2026-05-07T18:39:47.218283+00:00] DONE Interactables/ArcadeAmplifierPickup_Charged output=Model Generation/Runs/Interactables/WorldNpcInteractablesRetroBatch01/Retro/QuadRetro/Interactables/ArcadeAmplifierPickup_Charged/ArcadeAmplifierPickup_Charged_QuadRetro.glb
[2026-05-07T18:39:47.221910+00:00] START NPCs/Gambler input=Model Generation/Runs/Interactables/WorldNpcInteractablesRetroBatch01/Raw/Trellis/NPCs/Gambler/Gambler_Trellis.glb
[2026-05-07T18:45:37.290720+00:00] DONE NPCs/Gambler output=Model Generation/Runs/Interactables/WorldNpcInteractablesRetroBatch01/Retro/QuadRetro/NPCs/Gambler/Gambler_QuadRetro.glb
[2026-05-07T18:45:37.291472+00:00] START NPCs/Saint input=Model Generation/Runs/Interactables/WorldNpcInteractablesRetroBatch01/Raw/Trellis/NPCs/Saint/Saint_Trellis.glb
[2026-05-07T18:46:12.545512+00:00] DONE NPCs/Saint output=Model Generation/Runs/Interactables/WorldNpcInteractablesRetroBatch01/Retro/QuadRetro/NPCs/Saint/Saint_QuadRetro.glb
[2026-05-07T18:46:12.546063+00:00] START NPCs/Ouroboros input=Model Generation/Runs/Interactables/WorldNpcInteractablesRetroBatch01/Raw/Trellis/NPCs/Ouroboros/Ouroboros_Trellis.glb
[2026-05-07T18:46:33.633904+00:00] DONE NPCs/Ouroboros output=Model Generation/Runs/Interactables/WorldNpcInteractablesRetroBatch01/Retro/QuadRetro/NPCs/Ouroboros/Ouroboros_QuadRetro.glb
[2026-05-07T18:46:54.504172+00:00] START Interactables/Arcade_WhackAMole input=Model Generation/Runs/Interactables/WorldNpcInteractablesRetroBatch01/Raw/Trellis/Interactables/Arcade_WhackAMole/Arcade_WhackAMole_Trellis.glb
[2026-05-07T18:47:22.104777+00:00] DONE Interactables/Arcade_WhackAMole output=Model Generation/Runs/Interactables/WorldNpcInteractablesRetroBatch01/Retro/QuadRetro/Interactables/Arcade_WhackAMole/Arcade_WhackAMole_QuadRetro.glb
