[2026-05-07T15:11:02+00:00] START Vehicle seed=1337 texture=2048 decimation=80000
[2026-05-07T15:13:33+00:00] DONE Vehicle pod_size=3571332 local_size=3571332 duration=145.9s
[2026-05-07T15:14:25+00:00] START Arcade_WhackAMole seed=1337 texture=2048 decimation=80000
[2026-05-07T15:17:40+00:00] DONE Arcade_WhackAMole pod_size=3944772 local_size=3944772 duration=190.4s
[2026-05-07T15:17:45+00:00] START Arcade_Topwar seed=1337 texture=2048 decimation=80000
[2026-05-07T15:20:42+00:00] DONE Arcade_Topwar pod_size=3141308 local_size=3141308 duration=172.9s
[2026-05-07T15:20:47+00:00] START Arcade_GoldMiner seed=1337 texture=2048 decimation=80000
[2026-05-07T15:23:42+00:00] DONE Arcade_GoldMiner pod_size=3667748 local_size=3667748 duration=171.1s
[2026-05-07T15:23:47+00:00] START Arcade_RuneSwipe seed=1337 texture=2048 decimation=80000
[2026-05-07T15:25:00+00:00] DONE Arcade_RuneSwipe pod_size=3663952 local_size=3663952 duration=68.6s
[2026-05-07T15:25:06+00:00] START Arcade_CartSwitcher seed=1337 texture=2048 decimation=80000
[2026-05-07T15:29:06+00:00] DONE Arcade_CartSwitcher pod_size=4069468 local_size=4069468 duration=235.3s
[2026-05-07T15:29:11+00:00] START Arcade_CrystalDash seed=1337 texture=2048 decimation=80000
[2026-05-07T15:31:48+00:00] DONE Arcade_CrystalDash pod_size=3723348 local_size=3723348 duration=152.8s
[2026-05-07T15:31:54+00:00] START Arcade_PotionPour seed=1337 texture=2048 decimation=80000
[2026-05-07T15:35:33+00:00] DONE Arcade_PotionPour pod_size=4376520 local_size=4376520 duration=214.0s
[2026-05-07T15:35:38+00:00] START Arcade_RelicStack seed=1337 texture=2048 decimation=80000
[2026-05-07T15:39:30+00:00] DONE Arcade_RelicStack pod_size=3820460 local_size=3820460 duration=227.4s
[2026-05-07T15:43:48+00:00] START Arcade_ShieldParry seed=1337 texture=2048 decimation=80000
[2026-05-07T15:46:37+00:00] DONE Arcade_ShieldParry pod_size=3486964 local_size=3486964 duration=165.2s
[2026-05-07T15:46:43+00:00] START Arcade_MimicMemory seed=1337 texture=2048 decimation=80000
[2026-05-07T15:50:31+00:00] DONE Arcade_MimicMemory pod_size=3612752 local_size=3612752 duration=223.6s
[2026-05-07T15:50:36+00:00] START Arcade_BombSorter seed=1337 texture=2048 decimation=80000
[2026-05-07T15:53:49+00:00] DONE Arcade_BombSorter pod_size=3988012 local_size=3988012 duration=187.5s
[2026-05-07T15:53:54+00:00] START Arcade_LanternLeap seed=1337 texture=2048 decimation=80000
[2026-05-07T15:57:29+00:00] DONE Arcade_LanternLeap pod_size=3501380 local_size=3501380 duration=209.8s
[2026-05-07T15:57:34+00:00] START Arcade_BladeSweep seed=1337 texture=2048 decimation=80000
[2026-05-07T16:00:47+00:00] DONE Arcade_BladeSweep pod_size=3914880 local_size=3914880 duration=186.1s
[2026-05-07T16:00:53+00:00] START Crate seed=1337 texture=2048 decimation=80000
[2026-05-07T16:15:34+00:00] START LootBag_Black seed=1337 texture=2048 decimation=80000
[2026-05-07T16:18:57+00:00] DONE LootBag_Black pod_size=4201220 local_size=4201220 duration=193.5s
[2026-05-07T16:19:18+00:00] START LootBag_Red seed=1337 texture=2048 decimation=80000
[2026-05-07T16:20:24+00:00] DONE LootBag_Red pod_size=3682492 local_size=3682492 duration=62.0s
[2026-05-07T16:20:31+00:00] START LootBag_Yellow seed=1337 texture=2048 decimation=80000
[2026-05-07T16:21:43+00:00] DONE LootBag_Yellow pod_size=4617756 local_size=4617756 duration=62.9s
[2026-05-07T16:21:48+00:00] START LootBag_White seed=1337 texture=2048 decimation=80000
[2026-05-07T16:23:01+00:00] DONE LootBag_White pod_size=3337852 local_size=3337852 duration=64.1s
[2026-05-07T16:23:07+00:00] START Fountain seed=1337 texture=2048 decimation=80000
[2026-05-07T16:24:51+00:00] DONE Fountain pod_size=3435404 local_size=3435404 duration=99.3s
[2026-05-07T16:24:56+00:00] START DifficultyTotem seed=1337 texture=2048 decimation=80000
[2026-05-07T16:25:58+00:00] DONE DifficultyTotem pod_size=3387112 local_size=3387112 duration=54.4s
[2026-05-07T16:26:03+00:00] START IdolAltar seed=1337 texture=2048 decimation=80000
[2026-05-07T16:27:08+00:00] DONE IdolAltar pod_size=3048920 local_size=3048920 duration=58.3s
[2026-05-07T16:27:14+00:00] START QuickReviveVending seed=1337 texture=2048 decimation=80000
[2026-05-07T16:30:07+00:00] DONE QuickReviveVending pod_size=3954072 local_size=3954072 duration=168.9s
[2026-05-07T16:30:12+00:00] START Shroom seed=1337 texture=2048 decimation=80000
[2026-05-07T16:31:30+00:00] DONE Shroom pod_size=3211860 local_size=3211860 duration=73.5s
[2026-05-07T16:31:35+00:00] START Saint seed=1337 texture=2048 decimation=80000
[2026-05-07T16:33:08+00:00] DONE Saint pod_size=3253972 local_size=3253972 duration=88.9s
[2026-05-07T16:33:13+00:00] START Ouroboros seed=1337 texture=2048 decimation=80000
[2026-05-07T16:34:45+00:00] DONE Ouroboros pod_size=3395972 local_size=3395972 duration=79.9s
[2026-05-07T16:42:58+00:00] START LootBag_Black seed=1337 texture=2048 decimation=80000
[2026-05-07T16:46:42+00:00] DONE LootBag_Black pod_size=3988148 local_size=3988148 duration=219.9s
[2026-05-07T16:46:47+00:00] START LootBag_Red seed=1337 texture=2048 decimation=80000
[2026-05-07T16:55:17+00:00] START LootBag_Yellow seed=1337 texture=2048 decimation=80000
[2026-05-07T17:10:07+00:00] START LootBag_White seed=1337 texture=2048 decimation=80000
[2026-05-07T17:12:49+00:00] DONE LootBag_White pod_size=3493224 local_size=3493224 duration=155.0s
[2026-05-07T17:12:54+00:00] START DifficultyTotem seed=1337 texture=2048 decimation=80000
[2026-05-07T17:15:55+00:00] DONE DifficultyTotem pod_size=4175668 local_size=4175668 duration=168.6s
[2026-05-07T17:16:04+00:00] START Saint seed=1337 texture=2048 decimation=80000
[2026-05-07T17:18:18+00:00] DONE Saint pod_size=4525504 local_size=4525504 duration=129.1s
[2026-05-07T17:18:23+00:00] START Ouroboros seed=1337 texture=2048 decimation=80000
[2026-05-07T17:20:32+00:00] DONE Ouroboros pod_size=3348744 local_size=3348744 duration=124.3s
