Traceback (most recent call last):
  File "C:\UE\T66\Model Generation\Scripts\run_world_npc_interactables_stage01_trellis.py", line 333, in <module>
    main()
    ~~~~^^
  File "C:\UE\T66\Model Generation\Scripts\run_world_npc_interactables_stage01_trellis.py", line 323, in main
    run_trellis(report, only, args.force_trellis)
    ~~~~~~~~~~~^^^^^^^^^^^^^^^^^^^^^^^^^^^^^^^^^^
  File "C:\UE\T66\Model Generation\Scripts\run_world_npc_interactables_stage01_trellis.py", line 213, in run_trellis
    run_cmd(
    ~~~~~~~^
        ssh_args(
        ^^^^^^^^^
    ...<4 lines>...
        timeout=45,
        ^^^^^^^^^^^
    )
    ^
  File "C:\UE\T66\Model Generation\Scripts\run_world_npc_interactables_stage01_trellis.py", line 57, in run_cmd
    result = subprocess.run(
        args,
    ...<4 lines>...
        timeout=timeout,
    )
  File "C:\Python313\Lib\subprocess.py", line 556, in run
    stdout, stderr = process.communicate(input, timeout=timeout)
                     ~~~~~~~~~~~~~~~~~~~^^^^^^^^^^^^^^^^^^^^^^^^
  File "C:\Python313\Lib\subprocess.py", line 1222, in communicate
    stdout, stderr = self._communicate(input, endtime, timeout)
                     ~~~~~~~~~~~~~~~~~^^^^^^^^^^^^^^^^^^^^^^^^^
  File "C:\Python313\Lib\subprocess.py", line 1646, in _communicate
    raise TimeoutExpired(self.args, orig_timeout)
subprocess.TimeoutExpired: Command '['ssh.exe', '-p', '22127', '-i', 'C:\\Users\\DoPra\\.ssh\\id_ed25519', '-o', 'BatchMode=yes', '-o', 'ConnectTimeout=20', 'root@69.30.85.78', 'mkdir -p /workspace/T66/ModelGeneration/Runs/Interactables/WorldNpcInteractablesRetroBatch01/Inputs/SourceImages/Interactables /workspace/T66/ModelGeneration/Runs/Interactables/WorldNpcInteractablesRetroBatch01/Raw/Trellis/Interactables/Arcade_ShieldParry']' timed out after 45 seconds
