[2026-05-06T23:39:09+00:00] START RoyalChad_Sword seed=1337 texture=2048 decimation=80000
[2026-05-06T23:41:44+00:00] DONE RoyalChad_Sword 3528664 bytes duration=155s -> /workspace/T66/ModelGeneration/Runs/Weapons/AutoAttackProjectileBatch01/Raw/Trellis/RoyalChad_Sword_S1337_D80000_Trellis2.glb
[2026-05-06T23:41:44+00:00] START ChineseChad_Guandao seed=1337 texture=2048 decimation=80000
[2026-05-06T23:42:44+00:00] DONE ChineseChad_Guandao 4225228 bytes duration=60s -> /workspace/T66/ModelGeneration/Runs/Weapons/AutoAttackProjectileBatch01/Raw/Trellis/ChineseChad_Guandao_S1337_D80000_Trellis2.glb
[2026-05-06T23:42:44+00:00] START BoxerChad_Glove seed=1337 texture=2048 decimation=80000
[2026-05-06T23:46:56+00:00] DONE BoxerChad_Glove 4607212 bytes duration=252s -> /workspace/T66/ModelGeneration/Runs/Weapons/AutoAttackProjectileBatch01/Raw/Trellis/BoxerChad_Glove_S1337_D80000_Trellis2.glb
[2026-05-06T23:46:56+00:00] START FoundingChad_Rapier seed=1337 texture=2048 decimation=80000
[2026-05-06T23:48:53+00:00] DONE FoundingChad_Rapier 3385584 bytes duration=117s -> /workspace/T66/ModelGeneration/Runs/Weapons/AutoAttackProjectileBatch01/Raw/Trellis/FoundingChad_Rapier_S1337_D80000_Trellis2.glb
[2026-05-06T23:48:53+00:00] START RoboChad_GearBlade seed=1337 texture=2048 decimation=80000
[2026-05-06T23:50:53+00:00] DONE RoboChad_GearBlade 4040584 bytes duration=120s -> /workspace/T66/ModelGeneration/Runs/Weapons/AutoAttackProjectileBatch01/Raw/Trellis/RoboChad_GearBlade_S1337_D80000_Trellis2.glb
[2026-05-06T23:50:53+00:00] START BillyChad_Bullet seed=1337 texture=2048 decimation=80000
[2026-05-06T23:52:13+00:00] DONE BillyChad_Bullet 3159048 bytes duration=80s -> /workspace/T66/ModelGeneration/Runs/Weapons/AutoAttackProjectileBatch01/Raw/Trellis/BillyChad_Bullet_S1337_D80000_Trellis2.glb
[2026-05-06T23:52:13+00:00] START RabbitChad_Carrot seed=1337 texture=2048 decimation=80000
[2026-05-06T23:53:37+00:00] DONE RabbitChad_Carrot 3014428 bytes duration=84s -> /workspace/T66/ModelGeneration/Runs/Weapons/AutoAttackProjectileBatch01/Raw/Trellis/RabbitChad_Carrot_S1337_D80000_Trellis2.glb
[2026-05-06T23:53:37+00:00] START CSChad_TacticalKnife seed=1337 texture=2048 decimation=80000
[2026-05-06T23:54:24+00:00] DONE CSChad_TacticalKnife 3516040 bytes duration=47s -> /workspace/T66/ModelGeneration/Runs/Weapons/AutoAttackProjectileBatch01/Raw/Trellis/CSChad_TacticalKnife_S1337_D80000_Trellis2.glb
[2026-05-06T23:54:24+00:00] START GoblinoChad_Cleaver seed=1337 texture=2048 decimation=80000
[2026-05-06T23:55:16+00:00] DONE GoblinoChad_Cleaver 3897432 bytes duration=52s -> /workspace/T66/ModelGeneration/Runs/Weapons/AutoAttackProjectileBatch01/Raw/Trellis/GoblinoChad_Cleaver_S1337_D80000_Trellis2.glb
[2026-05-06T23:55:16+00:00] START MonotoneChad_InkShard seed=1337 texture=2048 decimation=80000
[2026-05-06T23:56:03+00:00] DONE MonotoneChad_InkShard 3404548 bytes duration=47s -> /workspace/T66/ModelGeneration/Runs/Weapons/AutoAttackProjectileBatch01/Raw/Trellis/MonotoneChad_InkShard_S1337_D80000_Trellis2.glb
[2026-05-06T23:56:03+00:00] START BaldChad_Hatchet seed=1337 texture=2048 decimation=80000
[2026-05-06T23:57:05+00:00] DONE BaldChad_Hatchet 4070232 bytes duration=62s -> /workspace/T66/ModelGeneration/Runs/Weapons/AutoAttackProjectileBatch01/Raw/Trellis/BaldChad_Hatchet_S1337_D80000_Trellis2.glb
[2026-05-06T23:57:05+00:00] START RoachChad_RustyCrown seed=1337 texture=2048 decimation=80000
[2026-05-06T23:58:57+00:00] DONE RoachChad_RustyCrown 4209160 bytes duration=112s -> /workspace/T66/ModelGeneration/Runs/Weapons/AutoAttackProjectileBatch01/Raw/Trellis/RoachChad_RustyCrown_S1337_D80000_Trellis2.glb
