10:19:21 | INFO: Data are loaded, start creating Blender stuff
10:19:21 | INFO: Blender create Mesh node geometry_0
10:19:21 | INFO: glTF import finished in 0.49s
Info: Removed 92790 vertices
Info: Removed: 0 vertices, 0 edges, 0 faces
Info: Removed: 21 vertices, 17 edges, 0 faces

FBX export starting... 'C:\\Users\\DoPra\\AppData\\Local\\Temp\\Exoside\\QuadRemesher\\Blender\\inputMesh.fbx'
export finished in 0.0693 sec.
FBX version: 7400
Info: Circular dependency for image "Forest_BuerVerdantChad_QuadRemesh_Bake_1024" from object "Forest_BuerVerdantChad_QuadRemesh"
Info: Baking map saved to internal image, save it externally or pack it
INFO Draco mesh compression is available, use library at C:\Program Files\Blender Foundation\Blender 5.1\5.1\scripts\addons_core\io_scene_gltf2\extern_draco.dll
10:35:48 | INFO: Starting glTF 2.0 export
10:35:48 | INFO: Extracting primitive: Forest_BuerVerdantChad_QuadRemesh_Mesh
10:35:48 | INFO: Primitives created: 1
10:35:48 | INFO: Finished glTF 2.0 export in 0.238875150680542 s
16:41.203  render           | Saved: 'C:\UE\T66\Model Generation\Runs\EnemyBosses\EnemyBossBatch01\QuadRetro\Medium\Bosses\Forest_BuerVerdantChad\Renders\Forest_BuerVerdantChad_QuadRetro_front.png'
16:41.515  render           | Saved: 'C:\UE\T66\Model Generation\Runs\EnemyBosses\EnemyBossBatch01\QuadRetro\Medium\Bosses\Forest_BuerVerdantChad\Renders\Forest_BuerVerdantChad_QuadRetro_right.png'
16:41.812  render           | Saved: 'C:\UE\T66\Model Generation\Runs\EnemyBosses\EnemyBossBatch01\QuadRetro\Medium\Bosses\Forest_BuerVerdantChad\Renders\Forest_BuerVerdantChad_QuadRetro_back.png'
16:42.093  render           | Saved: 'C:\UE\T66\Model Generation\Runs\EnemyBosses\EnemyBossBatch01\QuadRetro\Medium\Bosses\Forest_BuerVerdantChad\Renders\Forest_BuerVerdantChad_QuadRetro_oblique.png'

{
  "output_glb": "C:\\UE\\T66\\Model Generation\\Runs\\EnemyBosses\\EnemyBossBatch01\\QuadRetro\\Medium\\Bosses\\Forest_BuerVerdantChad\\Models\\Forest_BuerVerdantChad_QuadRetro.glb",
  "report": "C:\\UE\\T66\\Model Generation\\Runs\\EnemyBosses\\EnemyBossBatch01\\QuadRetro\\Medium\\Bosses\\Forest_BuerVerdantChad\\Reports\\Forest_BuerVerdantChad_QuadRetro_report.json"
}
