[boss-stage01] start 2026-05-07T06:33:34+00:00 total=23 seed=1337 texture=2048 decimation=200000
[boss-stage01] generate 1/23 Dungeon_BaelFallenChad 2026-05-07T06:33:34+00:00
[boss-stage01] done 1/23 Dungeon_BaelFallenChad bytes=8346396 2026-05-07T06:35:08+00:00
[boss-stage01] generate 2/23 Dungeon_BoneJailer 2026-05-07T06:35:08+00:00
[boss-stage01] done 2/23 Dungeon_BoneJailer bytes=9313000 2026-05-07T06:36:43+00:00
[boss-stage01] generate 3/23 Dungeon_SewerSlimeKing 2026-05-07T06:36:43+00:00
[boss-stage01] done 3/23 Dungeon_SewerSlimeKing bytes=8275240 2026-05-07T06:39:51+00:00
[boss-stage01] generate 4/23 Dungeon_WebMatriarch 2026-05-07T06:39:51+00:00
[boss-stage01] done 4/23 Dungeon_WebMatriarch bytes=8036280 2026-05-07T06:41:26+00:00
[boss-stage01] generate 5/23 Forest_BrambleTreant 2026-05-07T06:41:26+00:00
[boss-stage01] done 5/23 Forest_BrambleTreant bytes=8895892 2026-05-07T06:43:27+00:00
[boss-stage01] generate 6/23 Forest_BuerVerdantChad 2026-05-07T06:43:27+00:00
[boss-stage01] done 6/23 Forest_BuerVerdantChad bytes=9434612 2026-05-07T06:45:30+00:00
[boss-stage01] generate 7/23 Forest_MyconidQueen 2026-05-07T06:45:30+00:00
[boss-stage01] done 7/23 Forest_MyconidQueen bytes=9217644 2026-05-07T06:48:11+00:00
[boss-stage01] generate 8/23 Forest_ThornHive 2026-05-07T06:48:11+00:00
[boss-stage01] done 8/23 Forest_ThornHive bytes=9414856 2026-05-07T06:51:24+00:00
[boss-stage01] generate 9/23 Hell_Antichrist 2026-05-07T06:51:24+00:00
[boss-stage01] done 9/23 Hell_Antichrist bytes=8748460 2026-05-07T06:53:06+00:00
[boss-stage01] generate 10/23 Hell_FalseProphet 2026-05-07T06:53:06+00:00
[boss-stage01] done 10/23 Hell_FalseProphet bytes=11371816 2026-05-07T06:55:14+00:00
[boss-stage01] generate 11/23 Hell_GreatDragon 2026-05-07T06:55:14+00:00
[boss-stage01] done 11/23 Hell_GreatDragon bytes=7940576 2026-05-07T06:56:59+00:00
[boss-stage01] generate 12/23 Hell_Horseman_Conquest 2026-05-07T06:56:59+00:00
[boss-stage01] done 12/23 Hell_Horseman_Conquest bytes=9696348 2026-05-07T06:59:51+00:00
[boss-stage01] generate 13/23 Hell_Horseman_Death 2026-05-07T06:59:51+00:00
[boss-stage01] done 13/23 Hell_Horseman_Death bytes=9944420 2026-05-07T07:02:08+00:00
[boss-stage01] generate 14/23 Hell_Horseman_Famine 2026-05-07T07:02:08+00:00
[boss-stage01] done 14/23 Hell_Horseman_Famine bytes=10685408 2026-05-07T07:05:06+00:00
[boss-stage01] generate 15/23 Hell_Horseman_War 2026-05-07T07:05:06+00:00
[boss-stage01] done 15/23 Hell_Horseman_War bytes=9911180 2026-05-07T07:07:54+00:00
[boss-stage01] generate 16/23 Martian_CrystalMantis 2026-05-07T07:07:54+00:00
[boss-stage01] done 16/23 Martian_CrystalMantis bytes=8154188 2026-05-07T07:09:49+00:00
[boss-stage01] generate 17/23 Martian_PlasmaSaucerPrime 2026-05-07T07:09:49+00:00
[boss-stage01] done 17/23 Martian_PlasmaSaucerPrime bytes=10363176 2026-05-07T07:12:26+00:00
[boss-stage01] generate 18/23 Martian_RedSandBehemoth 2026-05-07T07:12:26+00:00
[boss-stage01] done 18/23 Martian_RedSandBehemoth bytes=8535932 2026-05-07T07:14:52+00:00
[boss-stage01] generate 19/23 Martian_StolasAstralChad 2026-05-07T07:14:52+00:00
[boss-stage01] done 19/23 Martian_StolasAstralChad bytes=8551576 2026-05-07T07:17:01+00:00
[boss-stage01] generate 20/23 Ocean_AbyssalJellyfish 2026-05-07T07:17:01+00:00
[boss-stage01] done 20/23 Ocean_AbyssalJellyfish bytes=8631928 2026-05-07T07:19:36+00:00
[boss-stage01] generate 21/23 Ocean_DrownedCaptain 2026-05-07T07:19:36+00:00
[boss-stage01] done 21/23 Ocean_DrownedCaptain bytes=9213048 2026-05-07T07:21:21+00:00
[boss-stage01] generate 22/23 Ocean_FocalorDrownedChad 2026-05-07T07:21:21+00:00
[boss-stage01] done 22/23 Ocean_FocalorDrownedChad bytes=8824216 2026-05-07T07:23:20+00:00
[boss-stage01] generate 23/23 Ocean_ReefCrabColossus 2026-05-07T07:23:20+00:00
[boss-stage01] done 23/23 Ocean_ReefCrabColossus bytes=10150752 2026-05-07T07:25:40+00:00
[boss-stage01] finish 2026-05-07T07:25:40+00:00 outputs=23
