Using bundled DotNet SDK version: 8.0.412 win-x64
Running UnrealBuildTool: dotnet "..\..\Engine\Binaries\DotNET\UnrealBuildTool\UnrealBuildTool.dll" T66Editor Win64 Development -project=C:\UE\T66\T66.uproject -WaitMutex
Log file: C:\Users\DoPra\AppData\Local\UnrealBuildTool\Log.txt
Building T66Editor...
Using Visual Studio 2022 14.44.35222 toolchain (C:\Program Files\Microsoft Visual Studio\2022\Community\VC\Tools\MSVC\14.44.35207) and Windows 10.0.22621.0 SDK (C:\Program Files (x86)\Windows Kits\10).
Determining max actions to execute in parallel (24 physical cores, 32 logical cores)
  Executing up to 24 processes, one per physical core
Using Unreal Build Accelerator local executor to run 5 action(s)
  Storage capacity 40Gb
---- Starting trace: 260609_214748 ----
UbaSessionServer - Disable remote execution (remote sessions will finish current processes)
[1/5] Compile [x64] Module.T66.31.cpp
[2/5] Link [x64] UnrealEditor-T66.lib
[3/5] Link [x64] UnrealEditor-T66Editor.dll
[4/5] Link [x64] UnrealEditor-T66.dll
[5/5] WriteMetadata T66Editor.target [NoUba]

Trace written to file C:/Users/DoPra/AppData/Local/UnrealBuildTool/Log.uba with size 4.7kb
Total time in Unreal Build Accelerator local executor: 18.02 seconds

Result: Succeeded
Total execution time: 18.97 seconds
