Traceback (most recent call last):
  File "C:\UE\T66\Model Generation\Pixal3D\Scripts\run_pixal3d_batch.py", line 578, in <module>
    raise SystemExit(main())
                     ~~~~^^
  File "C:\UE\T66\Model Generation\Pixal3D\Scripts\run_pixal3d_batch.py", line 571, in main
    run(args)
    ~~~^^^^^^
  File "C:\UE\T66\Model Generation\Pixal3D\Scripts\run_pixal3d_batch.py", line 476, in run
    is_done = poll(args)
  File "C:\UE\T66\Model Generation\Pixal3D\Scripts\run_pixal3d_batch.py", line 419, in poll
    done_text = read_remote_text(args, paths["done"])
  File "C:\UE\T66\Model Generation\Pixal3D\Scripts\run_pixal3d_batch.py", line 397, in read_remote_text
    result = ssh(args, bash_lc(f"test -f {shlex.quote(remote_path)} && cat {shlex.quote(remote_path)} || true"), timeout=30)
  File "C:\UE\T66\Model Generation\Pixal3D\Scripts\run_pixal3d_batch.py", line 240, in ssh
    return run_local(ssh_base(args) + [remote_command], timeout=timeout)
  File "C:\UE\T66\Model Generation\Pixal3D\Scripts\run_pixal3d_batch.py", line 187, in run_local
    return subprocess.run(
           ~~~~~~~~~~~~~~^
        command,
        ^^^^^^^^
    ...<5 lines>...
        check=False,
        ^^^^^^^^^^^^
    )
    ^
  File "C:\Python313\Lib\subprocess.py", line 556, in run
    stdout, stderr = process.communicate(input, timeout=timeout)
                     ~~~~~~~~~~~~~~~~~~~^^^^^^^^^^^^^^^^^^^^^^^^
  File "C:\Python313\Lib\subprocess.py", line 1222, in communicate
    stdout, stderr = self._communicate(input, endtime, timeout)
                     ~~~~~~~~~~~~~~~~~^^^^^^^^^^^^^^^^^^^^^^^^^
  File "C:\Python313\Lib\subprocess.py", line 1650, in _communicate
    raise TimeoutExpired(self.args, orig_timeout)
subprocess.TimeoutExpired: Command '['ssh', '-p', '22082', '-i', 'C:\\Users\\DoPra\\.ssh\\id_ed25519', '-o', 'BatchMode=yes', '-o', 'StrictHostKeyChecking=no', '-o', 'UserKnownHostsFile=NUL', 'root@69.30.85.138', "bash -lc 'test -f /workspace/T66/ToonStyle_Phase1A2_Lineup/Logs/DONE.json && cat /workspace/T66/ToonStyle_Phase1A2_Lineup/Logs/DONE.json || true'"]' timed out after 30 seconds
