Input #0, image2, from 'C:\UE\T66\Saved\VideoCaptures\hero1axedotvfxbinding_20260529_231442\frames\frame_%04d.png':
  Duration: 00:00:07.50, start: 0.000000, bitrate: N/A
  Stream #0:0: Video: png, rgba(pc, gbr/unknown/unknown), 1280x720, 12 fps, 12 tbr, 12 tbn
Stream mapping:
  Stream #0:0 -> #0:0 (png (native) -> h264 (libx264))
Press [q] to stop, [?] for help
[libx264 @ 000001c602b20a40] using cpu capabilities: MMX2 SSE2Fast SSSE3 SSE4.2 AVX FMA3 BMI2 AVX2
[libx264 @ 000001c602b20a40] profile High, level 3.1, 4:2:0, 8-bit
[libx264 @ 000001c602b20a40] 264 - core 165 r3223 0480cb0 - H.264/MPEG-4 AVC codec - Copyleft 2003-2025 - http://www.videolan.org/x264.html - options: cabac=1 ref=3 deblock=1:0:0 analyse=0x3:0x113 me=hex subme=7 psy=1 psy_rd=1.00:0.00 mixed_ref=1 me_range=16 chroma_me=1 trellis=1 8x8dct=1 cqm=0 deadzone=21,11 fast_pskip=1 chroma_qp_offset=-2 threads=22 lookahead_threads=3 sliced_threads=0 nr=0 decimate=1 interlaced=0 bluray_compat=0 constrained_intra=0 bframes=3 b_pyramid=2 b_adapt=1 b_bias=0 direct=1 weightb=1 open_gop=0 weightp=2 keyint=250 keyint_min=12 scenecut=40 intra_refresh=0 rc_lookahead=40 rc=crf mbtree=1 crf=23.0 qcomp=0.60 qpmin=0 qpmax=69 qpstep=4 ip_ratio=1.40 aq=1:1.00
Output #0, mp4, to 'C:\UE\T66\Saved\VideoCaptures\hero1axedotvfxbinding_20260529_231442\hero1axedotvfxbinding.mp4':
  Metadata:
    encoder         : Lavf62.12.101
  Stream #0:0: Video: h264 (avc1 / 0x31637661), yuv420p(tv, progressive), 1280x720, q=2-31, 12 fps, 12288 tbn
    Metadata:
      encoder         : Lavc62.28.101 libx264
    Side data:
      CPB properties: bitrate max/min/avg: 0/0/0 buffer size: 0 vbv_delay: N/A
frame=    0 fps=0.0 q=0.0 size=       0KiB time=N/A bitrate=N/A speed=N/A elapsed=0:00:00.51    
[mp4 @ 000001c602b20080] Starting second pass: moving the moov atom to the beginning of the file
[out#0/mp4 @ 000001c6003ad280] video:98KiB audio:0KiB subtitle:0KiB other streams:0KiB global headers:0KiB muxing overhead: 1.934660%
frame=   90 fps=0.0 q=-1.0 Lsize=     100KiB time=00:00:07.33 bitrate= 111.5kbits/s speed=11.7x elapsed=0:00:00.62    
[libx264 @ 000001c602b20a40] frame I:1     Avg QP:16.00  size: 72135
[libx264 @ 000001c602b20a40] frame P:23    Avg QP:15.94  size:   778
[libx264 @ 000001c602b20a40] frame B:66    Avg QP:20.43  size:   145
[libx264 @ 000001c602b20a40] consecutive B-frames:  2.2%  0.0%  0.0% 97.8%
[libx264 @ 000001c602b20a40] mb I  I16..4:  6.4% 48.1% 45.5%
[libx264 @ 000001c602b20a40] mb P  I16..4:  0.0%  0.1%  0.0%  P16..4:  4.8%  0.5%  0.5%  0.0%  0.0%    skip:94.1%
[libx264 @ 000001c602b20a40] mb B  I16..4:  0.0%  0.0%  0.0%  B16..8:  2.7%  0.0%  0.0%  direct: 0.0%  skip:97.3%  L0:29.1% L1:70.9% BI: 0.0%
[libx264 @ 000001c602b20a40] 8x8 transform intra:48.2% inter:91.5%
[libx264 @ 000001c602b20a40] coded y,uvDC,uvAC intra: 70.0% 86.1% 68.9% inter: 0.2% 0.8% 0.0%
[libx264 @ 000001c602b20a40] i16 v,h,dc,p: 44% 30% 12% 14%
[libx264 @ 000001c602b20a40] i8 v,h,dc,ddl,ddr,vr,hd,vl,hu: 25% 32% 13%  4%  5%  6%  5%  5%  6%
[libx264 @ 000001c602b20a40] i4 v,h,dc,ddl,ddr,vr,hd,vl,hu: 27% 33%  8%  5%  6%  7%  6%  4%  4%
[libx264 @ 000001c602b20a40] i8c dc,h,v,p: 44% 32% 18%  5%
[libx264 @ 000001c602b20a40] Weighted P-Frames: Y:0.0% UV:0.0%
[libx264 @ 000001c602b20a40] ref P L0: 76.7%  0.3% 14.3%  8.7%
[libx264 @ 000001c602b20a40] ref B L0: 66.8% 33.0%  0.3%
[libx264 @ 000001c602b20a40] ref B L1: 95.9%  4.1%
[libx264 @ 000001c602b20a40] kb/s:106.23
