Log file: C:\Users\DoPra\AppData\Local\UnrealBuildTool\Log.txt
Building T66Editor...
Using Visual Studio 2022 14.44.35222 toolchain (C:\Program Files\Microsoft Visual Studio\2022\Community\VC\Tools\MSVC\14.44.35207) and Windows 10.0.22621.0 SDK (C:\Program Files (x86)\Windows Kits\10).
Determining max actions to execute in parallel (24 physical cores, 32 logical cores)
  Executing up to 24 processes, one per physical core
Using Unreal Build Accelerator local executor to run 5 action(s)
  Storage capacity 40Gb
---- Starting trace: 260529_231237 ----
UbaSessionServer - Disable remote execution (remote sessions will finish current processes)
[1/5] Compile [x64] Module.T66.26.cpp
[2/5] Compile [x64] Module.T66.27.cpp
C:\UE\T66\Source\T66\Gameplay\T66Hero1AxeAOEVFXLabActor.cpp(353,3): warning C4996: 'FNiagaraEmitterInstance::IsReadyToRun': Please update your code to handle execution path for different emitter types - Please update your code to the new API before upgrading to the next release, otherwise your project will no longer compile.
		UE_LOG(
		^
[3/5] Link [x64] UnrealEditor-T66.lib
[4/5] Link [x64] UnrealEditor-T66.dll
[5/5] WriteMetadata T66Editor.target [NoUba]

Trace written to file C:/Users/DoPra/AppData/Local/UnrealBuildTool/Log.uba with size 5.1kb
Total time in Unreal Build Accelerator local executor: 23.36 seconds

Result: Succeeded
Total execution time: 24.49 seconds
