[2026-05-07T05:24:31+00:00] START Dungeon_Slime seed=372454
[2026-05-07T05:24:34+00:00] DONE Dungeon_Slime -> C:\UE\T66\Model Generation\Runs\EnemyBosses\EnemyBossBatch01\Inputs\SourceImages\Enemies\Dungeon_Slime.png
[2026-05-07T05:25:23+00:00] START Dungeon_Slime seed=372454
[2026-05-07T05:26:06+00:00] DONE Dungeon_Slime -> C:\UE\T66\Model Generation\Runs\EnemyBosses\EnemyBossBatch01\Inputs\SourceImages\Enemies\Dungeon_Slime.png
[2026-05-07T05:26:30+00:00] START Dungeon_Slime seed=372465
[2026-05-07T05:27:36+00:00] DONE Dungeon_Slime -> C:\UE\T66\Model Generation\Runs\EnemyBosses\EnemyBossBatch01\Inputs\SourceImages\Enemies\Dungeon_Slime.png
[2026-05-07T05:28:01+00:00] START Dungeon_Skeleton seed=75191
[2026-05-07T05:29:06+00:00] DONE Dungeon_Skeleton -> C:\UE\T66\Model Generation\Runs\EnemyBosses\EnemyBossBatch01\Inputs\SourceImages\Enemies\Dungeon_Skeleton.png
[2026-05-07T05:29:06+00:00] START Dungeon_WebSpider seed=165533
[2026-05-07T05:30:36+00:00] DONE Dungeon_WebSpider -> C:\UE\T66\Model Generation\Runs\EnemyBosses\EnemyBossBatch01\Inputs\SourceImages\Enemies\Dungeon_WebSpider.png
[2026-05-07T05:30:36+00:00] START Dungeon_RabidRat seed=898933
[2026-05-07T05:32:06+00:00] DONE Dungeon_RabidRat -> C:\UE\T66\Model Generation\Runs\EnemyBosses\EnemyBossBatch01\Inputs\SourceImages\Enemies\Dungeon_RabidRat.png
[2026-05-07T05:32:06+00:00] START Dungeon_Bat seed=667299
[2026-05-07T05:33:35+00:00] DONE Dungeon_Bat -> C:\UE\T66\Model Generation\Runs\EnemyBosses\EnemyBossBatch01\Inputs\SourceImages\Enemies\Dungeon_Bat.png
[2026-05-07T05:33:53+00:00] START Forest_MushroomBrute seed=422726
[2026-05-07T05:35:06+00:00] DONE Forest_MushroomBrute -> C:\UE\T66\Model Generation\Runs\EnemyBosses\EnemyBossBatch01\Inputs\SourceImages\Enemies\Forest_MushroomBrute.png
[2026-05-07T05:35:06+00:00] START Forest_TreantSapling seed=102637
[2026-05-07T05:36:36+00:00] DONE Forest_TreantSapling -> C:\UE\T66\Model Generation\Runs\EnemyBosses\EnemyBossBatch01\Inputs\SourceImages\Enemies\Forest_TreantSapling.png
[2026-05-07T05:36:36+00:00] START Forest_ThornImp seed=876947
[2026-05-07T05:38:05+00:00] DONE Forest_ThornImp -> C:\UE\T66\Model Generation\Runs\EnemyBosses\EnemyBossBatch01\Inputs\SourceImages\Enemies\Forest_ThornImp.png
[2026-05-07T05:38:05+00:00] START Forest_Boar seed=459447
[2026-05-07T05:39:35+00:00] DONE Forest_Boar -> C:\UE\T66\Model Generation\Runs\EnemyBosses\EnemyBossBatch01\Inputs\SourceImages\Enemies\Forest_Boar.png
[2026-05-07T05:39:35+00:00] START Forest_Wasp seed=58082
[2026-05-07T05:41:06+00:00] DONE Forest_Wasp -> C:\UE\T66\Model Generation\Runs\EnemyBosses\EnemyBossBatch01\Inputs\SourceImages\Enemies\Forest_Wasp.png
[2026-05-07T05:42:12+00:00] START Ocean_CrabGuard seed=786826
[2026-05-07T05:42:37+00:00] DONE Ocean_CrabGuard -> C:\UE\T66\Model Generation\Runs\EnemyBosses\EnemyBossBatch01\Inputs\SourceImages\Enemies\Ocean_CrabGuard.png
[2026-05-07T05:42:37+00:00] START Ocean_DrownedSailor seed=7324
[2026-05-07T05:44:06+00:00] DONE Ocean_DrownedSailor -> C:\UE\T66\Model Generation\Runs\EnemyBosses\EnemyBossBatch01\Inputs\SourceImages\Enemies\Ocean_DrownedSailor.png
[2026-05-07T05:44:06+00:00] START Ocean_Jellyfish seed=642514
[2026-05-07T05:45:37+00:00] DONE Ocean_Jellyfish -> C:\UE\T66\Model Generation\Runs\EnemyBosses\EnemyBossBatch01\Inputs\SourceImages\Enemies\Ocean_Jellyfish.png
[2026-05-07T05:45:37+00:00] START Ocean_SharkPup seed=719822
[2026-05-07T05:47:06+00:00] DONE Ocean_SharkPup -> C:\UE\T66\Model Generation\Runs\EnemyBosses\EnemyBossBatch01\Inputs\SourceImages\Enemies\Ocean_SharkPup.png
[2026-05-07T05:47:06+00:00] START Ocean_GhostRay seed=248713
[2026-05-07T05:48:37+00:00] DONE Ocean_GhostRay -> C:\UE\T66\Model Generation\Runs\EnemyBosses\EnemyBossBatch01\Inputs\SourceImages\Enemies\Ocean_GhostRay.png
[2026-05-07T05:49:07+00:00] START Martian_DroneGrunt seed=626156
[2026-05-07T05:50:07+00:00] DONE Martian_DroneGrunt -> C:\UE\T66\Model Generation\Runs\EnemyBosses\EnemyBossBatch01\Inputs\SourceImages\Enemies\Martian_DroneGrunt.png
[2026-05-07T05:50:07+00:00] START Martian_CrystalCrawler seed=814066
[2026-05-07T05:51:36+00:00] DONE Martian_CrystalCrawler -> C:\UE\T66\Model Generation\Runs\EnemyBosses\EnemyBossBatch01\Inputs\SourceImages\Enemies\Martian_CrystalCrawler.png
[2026-05-07T05:51:36+00:00] START Martian_PlasmaSpitter seed=434879
[2026-05-07T05:53:06+00:00] DONE Martian_PlasmaSpitter -> C:\UE\T66\Model Generation\Runs\EnemyBosses\EnemyBossBatch01\Inputs\SourceImages\Enemies\Martian_PlasmaSpitter.png
[2026-05-07T05:53:06+00:00] START Martian_RocketLeaper seed=864813
[2026-05-07T05:54:36+00:00] DONE Martian_RocketLeaper -> C:\UE\T66\Model Generation\Runs\EnemyBosses\EnemyBossBatch01\Inputs\SourceImages\Enemies\Martian_RocketLeaper.png
[2026-05-07T05:54:36+00:00] START Martian_SaucerDrone seed=486503
[2026-05-07T05:56:04+00:00] DONE Martian_SaucerDrone -> C:\UE\T66\Model Generation\Runs\EnemyBosses\EnemyBossBatch01\Inputs\SourceImages\Enemies\Martian_SaucerDrone.png
[2026-05-07T05:56:27+00:00] START Hell_Imp seed=630690
[2026-05-07T05:57:36+00:00] DONE Hell_Imp -> C:\UE\T66\Model Generation\Runs\EnemyBosses\EnemyBossBatch01\Inputs\SourceImages\Enemies\Hell_Imp.png
[2026-05-07T05:57:36+00:00] START Hell_BoneKnight seed=780501
[2026-05-07T05:59:05+00:00] DONE Hell_BoneKnight -> C:\UE\T66\Model Generation\Runs\EnemyBosses\EnemyBossBatch01\Inputs\SourceImages\Enemies\Hell_BoneKnight.png
[2026-05-07T05:59:05+00:00] START Hell_FireSkull seed=605520
[2026-05-07T06:00:37+00:00] DONE Hell_FireSkull -> C:\UE\T66\Model Generation\Runs\EnemyBosses\EnemyBossBatch01\Inputs\SourceImages\Enemies\Hell_FireSkull.png
[2026-05-07T06:00:37+00:00] START Hellhound seed=588548
[2026-05-07T06:02:07+00:00] DONE Hellhound -> C:\UE\T66\Model Generation\Runs\EnemyBosses\EnemyBossBatch01\Inputs\SourceImages\Enemies\Hellhound.png
[2026-05-07T06:02:07+00:00] START Hell_Gargoyle seed=650250
[2026-05-07T06:03:36+00:00] DONE Hell_Gargoyle -> C:\UE\T66\Model Generation\Runs\EnemyBosses\EnemyBossBatch01\Inputs\SourceImages\Enemies\Hell_Gargoyle.png
[2026-05-07T06:04:30+00:00] START Martian_DroneGrunt seed=626257
[2026-05-07T06:05:06+00:00] DONE Martian_DroneGrunt -> C:\UE\T66\Model Generation\Runs\EnemyBosses\EnemyBossBatch01\Inputs\SourceImages\Enemies\Martian_DroneGrunt.png
[2026-05-07T06:05:06+00:00] START Hell_Imp seed=630791
[2026-05-07T06:06:35+00:00] DONE Hell_Imp -> C:\UE\T66\Model Generation\Runs\EnemyBosses\EnemyBossBatch01\Inputs\SourceImages\Enemies\Hell_Imp.png
[2026-05-07T06:06:35+00:00] START Hell_Gargoyle seed=650351
[2026-05-07T06:08:06+00:00] DONE Hell_Gargoyle -> C:\UE\T66\Model Generation\Runs\EnemyBosses\EnemyBossBatch01\Inputs\SourceImages\Enemies\Hell_Gargoyle.png
[2026-05-07T06:14:06+00:00] START Dungeon_Slime seed=372755
[2026-05-07T06:14:10+00:00] DONE Dungeon_Slime -> C:\UE\T66\Model Generation\Runs\EnemyBosses\EnemyBossBatch01\Inputs\SourceImages\Enemies\Dungeon_Slime.png
[2026-05-07T13:42:09+00:00] START Dungeon_Slime seed=377454
[2026-05-07T13:42:12+00:00] DONE Dungeon_Slime -> C:\UE\T66\Model Generation\Runs\EnemyBosses\EnemyBossBatch01\Inputs\SourceImages\Enemies\Dungeon_Slime.png
[2026-05-07T13:42:12+00:00] START Forest_TreantSapling seed=107637
[2026-05-07T13:43:43+00:00] DONE Forest_TreantSapling -> C:\UE\T66\Model Generation\Runs\EnemyBosses\EnemyBossBatch01\Inputs\SourceImages\Enemies\Forest_TreantSapling.png
[2026-05-07T13:43:43+00:00] START Ocean_Jellyfish seed=647514
[2026-05-07T13:45:13+00:00] DONE Ocean_Jellyfish -> C:\UE\T66\Model Generation\Runs\EnemyBosses\EnemyBossBatch01\Inputs\SourceImages\Enemies\Ocean_Jellyfish.png
[2026-05-07T13:45:13+00:00] START Hell_BoneKnight seed=785501
[2026-05-07T13:46:42+00:00] DONE Hell_BoneKnight -> C:\UE\T66\Model Generation\Runs\EnemyBosses\EnemyBossBatch01\Inputs\SourceImages\Enemies\Hell_BoneKnight.png
[2026-05-07T13:46:42+00:00] START Hell_FireSkull seed=610520
[2026-05-07T13:48:12+00:00] DONE Hell_FireSkull -> C:\UE\T66\Model Generation\Runs\EnemyBosses\EnemyBossBatch01\Inputs\SourceImages\Enemies\Hell_FireSkull.png
[2026-05-07T13:48:12+00:00] START Hell_Gargoyle seed=655250
[2026-05-07T13:49:44+00:00] DONE Hell_Gargoyle -> C:\UE\T66\Model Generation\Runs\EnemyBosses\EnemyBossBatch01\Inputs\SourceImages\Enemies\Hell_Gargoyle.png
[2026-05-07T14:03:58+00:00] START Dungeon_Slime seed=383454
[2026-05-07T14:04:00+00:00] DONE Dungeon_Slime -> C:\UE\T66\Model Generation\Runs\EnemyBosses\EnemyBossBatch01\Inputs\SourceImages\Enemies\Dungeon_Slime.png
[2026-05-07T14:04:00+00:00] START Hell_FireSkull seed=616520
[2026-05-07T14:05:30+00:00] DONE Hell_FireSkull -> C:\UE\T66\Model Generation\Runs\EnemyBosses\EnemyBossBatch01\Inputs\SourceImages\Enemies\Hell_FireSkull.png
[2026-05-07T14:10:58+00:00] START Dungeon_Slime seed=390454
[2026-05-07T14:11:00+00:00] DONE Dungeon_Slime -> C:\UE\T66\Model Generation\Runs\EnemyBosses\EnemyBossBatch01\Inputs\SourceImages\Enemies\Dungeon_Slime.png
[2026-05-07T14:11:00+00:00] START Hell_FireSkull seed=623520
[2026-05-07T14:12:33+00:00] DONE Hell_FireSkull -> C:\UE\T66\Model Generation\Runs\EnemyBosses\EnemyBossBatch01\Inputs\SourceImages\Enemies\Hell_FireSkull.png
[2026-05-07T14:58:05+00:00] START Ocean_DrownedSailor seed=14324
[2026-05-07T14:58:09+00:00] DONE Ocean_DrownedSailor -> C:\UE\T66\Model Generation\Runs\EnemyBosses\EnemyBossBatch01\Inputs\SourceImages\Enemies\Ocean_DrownedSailor.png
[2026-05-07T15:00:00+00:00] START Ocean_DrownedSailor seed=22324
[2026-05-07T15:00:03+00:00] DONE Ocean_DrownedSailor -> C:\UE\T66\Model Generation\Runs\EnemyBosses\EnemyBossBatch01\Inputs\SourceImages\Enemies\Ocean_DrownedSailor.png
[2026-05-07T15:33:41+00:00] START Martian_RocketLeaper seed=872813
[2026-05-07T15:33:44+00:00] DONE Martian_RocketLeaper -> C:\UE\T66\Model Generation\Runs\EnemyBosses\EnemyBossBatch01\Inputs\SourceImages\Enemies\Martian_RocketLeaper.png
[2026-05-07T15:49:35+00:00] START Martian_SaucerDrone seed=495503
[2026-05-07T15:49:38+00:00] DONE Martian_SaucerDrone -> C:\UE\T66\Model Generation\Runs\EnemyBosses\EnemyBossBatch01\Inputs\SourceImages\Enemies\Martian_SaucerDrone.png
