[2026-05-07T06:10:32+00:00] START Dungeon_Slime seed=1337 texture=2048 decimation=80000
[2026-05-07T06:12:53+00:00] DONE Dungeon_Slime pod_size=3226076 local_size=3226076 duration=127.3s
[2026-05-07T06:14:57+00:00] START Dungeon_Slime seed=1337 texture=2048 decimation=80000
[2026-05-07T06:16:11+00:00] DONE Dungeon_Slime pod_size=3959184 local_size=3959184 duration=68.5s
[2026-05-07T06:16:17+00:00] START Dungeon_Skeleton seed=1337 texture=2048 decimation=80000
[2026-05-07T06:17:30+00:00] DONE Dungeon_Skeleton pod_size=4975484 local_size=4975484 duration=67.7s
[2026-05-07T06:17:43+00:00] START Dungeon_WebSpider seed=1337 texture=2048 decimation=80000
[2026-05-07T13:52:01+00:00] START Dungeon_Slime seed=1337 texture=2048 decimation=80000
[2026-05-07T13:53:04+00:00] DONE Dungeon_Slime pod_size=2922952 local_size=2922952 duration=58.0s
[2026-05-07T13:53:09+00:00] START Forest_TreantSapling seed=1337 texture=2048 decimation=80000
[2026-05-07T13:55:04+00:00] DONE Forest_TreantSapling pod_size=6585428 local_size=6585428 duration=110.0s
[2026-05-07T13:55:10+00:00] START Ocean_Jellyfish seed=1337 texture=2048 decimation=80000
[2026-05-07T13:56:26+00:00] DONE Ocean_Jellyfish pod_size=5243796 local_size=5243796 duration=72.0s
[2026-05-07T13:56:34+00:00] START Hell_BoneKnight seed=1337 texture=2048 decimation=80000
[2026-05-07T13:57:55+00:00] DONE Hell_BoneKnight pod_size=4833588 local_size=4833588 duration=76.6s
[2026-05-07T13:58:04+00:00] START Hell_FireSkull seed=1337 texture=2048 decimation=80000
[2026-05-07T14:00:29+00:00] DONE Hell_FireSkull pod_size=6111828 local_size=6111828 duration=140.5s
[2026-05-07T14:00:36+00:00] START Hell_Gargoyle seed=1337 texture=2048 decimation=80000
[2026-05-07T14:02:04+00:00] DONE Hell_Gargoyle pod_size=7021272 local_size=7021272 duration=82.3s
[2026-05-07T14:06:40+00:00] START Dungeon_Slime seed=1337 texture=2048 decimation=80000
[2026-05-07T14:07:37+00:00] DONE Dungeon_Slime pod_size=2952988 local_size=2952988 duration=52.0s
[2026-05-07T14:07:43+00:00] START Hell_FireSkull seed=1337 texture=2048 decimation=80000
[2026-05-07T14:09:01+00:00] DONE Hell_FireSkull pod_size=5513860 local_size=5513860 duration=69.3s
[2026-05-07T14:13:52+00:00] START Dungeon_Slime seed=1337 texture=2048 decimation=80000
[2026-05-07T14:16:01+00:00] DONE Dungeon_Slime pod_size=4209252 local_size=4209252 duration=124.3s
[2026-05-07T14:16:07+00:00] START Hell_FireSkull seed=1337 texture=2048 decimation=80000
[2026-05-07T14:17:55+00:00] DONE Hell_FireSkull pod_size=6661088 local_size=6661088 duration=98.5s
[2026-05-07T15:01:41+00:00] START Ocean_DrownedSailor seed=1337 texture=2048 decimation=80000
[2026-05-07T15:03:18+00:00] DONE Ocean_DrownedSailor pod_size=5828228 local_size=5828228 duration=88.7s
[2026-05-07T15:35:12+00:00] START Martian_RocketLeaper seed=1337 texture=2048 decimation=80000
[2026-05-07T15:36:58+00:00] DONE Martian_RocketLeaper pod_size=5297784 local_size=5297784 duration=101.3s
[2026-05-07T15:51:22+00:00] START Martian_SaucerDrone seed=1337 texture=2048 decimation=80000
[2026-05-07T15:53:25+00:00] DONE Martian_SaucerDrone pod_size=4733264 local_size=4733264 duration=118.4s
