[2026-05-06T22:06:19+00:00] START RoyalChad_Source_02 seed=1337 texture=2048 decimation=80000
[2026-05-06T22:08:04+00:00] DONE RoyalChad_Source_02 3656404 bytes duration=105s -> /workspace/T66/ModelGeneration/Runs/Heroes/ChadStacySourceImageBatch01/Raw/Trellis/RoyalChad_Source_02_S1337_D80000_Trellis2.glb
[2026-05-06T22:08:04+00:00] START ChineseChad_Source_01 seed=1337 texture=2048 decimation=80000
[2026-05-06T22:10:05+00:00] DONE ChineseChad_Source_01 4477032 bytes duration=121s -> /workspace/T66/ModelGeneration/Runs/Heroes/ChadStacySourceImageBatch01/Raw/Trellis/ChineseChad_Source_01_S1337_D80000_Trellis2.glb
[2026-05-06T22:10:05+00:00] START FoundingChad_Source_01 seed=1337 texture=2048 decimation=80000
[2026-05-06T22:11:21+00:00] DONE FoundingChad_Source_01 4220516 bytes duration=76s -> /workspace/T66/ModelGeneration/Runs/Heroes/ChadStacySourceImageBatch01/Raw/Trellis/FoundingChad_Source_01_S1337_D80000_Trellis2.glb
[2026-05-06T22:11:21+00:00] START RoboChad_Source_01 seed=1337 texture=2048 decimation=80000
[2026-05-06T22:13:59+00:00] DONE RoboChad_Source_01 4358800 bytes duration=158s -> /workspace/T66/ModelGeneration/Runs/Heroes/ChadStacySourceImageBatch01/Raw/Trellis/RoboChad_Source_01_S1337_D80000_Trellis2.glb
[2026-05-06T22:13:59+00:00] START BillyChad_Source_01 seed=1337 texture=2048 decimation=80000
[2026-05-06T22:15:19+00:00] DONE BillyChad_Source_01 4311496 bytes duration=80s -> /workspace/T66/ModelGeneration/Runs/Heroes/ChadStacySourceImageBatch01/Raw/Trellis/BillyChad_Source_01_S1337_D80000_Trellis2.glb
[2026-05-06T22:15:19+00:00] START RabbitChad_Source_02 seed=1337 texture=2048 decimation=80000
[2026-05-06T22:16:31+00:00] DONE RabbitChad_Source_02 3563436 bytes duration=72s -> /workspace/T66/ModelGeneration/Runs/Heroes/ChadStacySourceImageBatch01/Raw/Trellis/RabbitChad_Source_02_S1337_D80000_Trellis2.glb
[2026-05-06T22:16:31+00:00] START CSChad_Source_02 seed=1337 texture=2048 decimation=80000
[2026-05-06T22:17:51+00:00] DONE CSChad_Source_02 4290832 bytes duration=80s -> /workspace/T66/ModelGeneration/Runs/Heroes/ChadStacySourceImageBatch01/Raw/Trellis/CSChad_Source_02_S1337_D80000_Trellis2.glb
[2026-05-06T22:17:52+00:00] START GambaChad_Source_02 seed=1337 texture=2048 decimation=80000
[2026-05-06T22:19:07+00:00] DONE GambaChad_Source_02 4270816 bytes duration=75s -> /workspace/T66/ModelGeneration/Runs/Heroes/ChadStacySourceImageBatch01/Raw/Trellis/GambaChad_Source_02_S1337_D80000_Trellis2.glb
[2026-05-06T22:19:07+00:00] START MonotoneChad_Source_02 seed=1337 texture=2048 decimation=80000
[2026-05-06T22:20:27+00:00] DONE MonotoneChad_Source_02 3964100 bytes duration=80s -> /workspace/T66/ModelGeneration/Runs/Heroes/ChadStacySourceImageBatch01/Raw/Trellis/MonotoneChad_Source_02_S1337_D80000_Trellis2.glb
[2026-05-06T22:20:27+00:00] START BaldChad_Source_02 seed=1337 texture=2048 decimation=80000
[2026-05-06T22:21:58+00:00] DONE BaldChad_Source_02 4631140 bytes duration=91s -> /workspace/T66/ModelGeneration/Runs/Heroes/ChadStacySourceImageBatch01/Raw/Trellis/BaldChad_Source_02_S1337_D80000_Trellis2.glb
[2026-05-06T22:21:58+00:00] START RoachChad_Source_02 seed=1337 texture=2048 decimation=80000
[2026-05-06T22:23:20+00:00] DONE RoachChad_Source_02 4400012 bytes duration=82s -> /workspace/T66/ModelGeneration/Runs/Heroes/ChadStacySourceImageBatch01/Raw/Trellis/RoachChad_Source_02_S1337_D80000_Trellis2.glb
[2026-05-06T22:23:20+00:00] START BoxerStacy_Source_01 seed=1337 texture=2048 decimation=80000
[2026-05-06T22:24:24+00:00] DONE BoxerStacy_Source_01 4204252 bytes duration=64s -> /workspace/T66/ModelGeneration/Runs/Heroes/ChadStacySourceImageBatch01/Raw/Trellis/BoxerStacy_Source_01_S1337_D80000_Trellis2.glb
[2026-05-06T22:24:24+00:00] START RoyalStacy_Source_01 seed=1337 texture=2048 decimation=80000
[2026-05-06T22:25:25+00:00] DONE RoyalStacy_Source_01 4086656 bytes duration=61s -> /workspace/T66/ModelGeneration/Runs/Heroes/ChadStacySourceImageBatch01/Raw/Trellis/RoyalStacy_Source_01_S1337_D80000_Trellis2.glb
[2026-05-06T22:25:25+00:00] START ChineseStacy_Source_01 seed=1337 texture=2048 decimation=80000
[2026-05-06T22:26:32+00:00] DONE ChineseStacy_Source_01 4561644 bytes duration=67s -> /workspace/T66/ModelGeneration/Runs/Heroes/ChadStacySourceImageBatch01/Raw/Trellis/ChineseStacy_Source_01_S1337_D80000_Trellis2.glb
[2026-05-06T22:26:32+00:00] START FoundingStacy_Source_01 seed=1337 texture=2048 decimation=80000
[2026-05-06T22:27:34+00:00] DONE FoundingStacy_Source_01 4348584 bytes duration=62s -> /workspace/T66/ModelGeneration/Runs/Heroes/ChadStacySourceImageBatch01/Raw/Trellis/FoundingStacy_Source_01_S1337_D80000_Trellis2.glb
[2026-05-06T22:27:34+00:00] START RoboStacy_Source_01 seed=1337 texture=2048 decimation=80000
[2026-05-06T22:28:43+00:00] DONE RoboStacy_Source_01 4322056 bytes duration=69s -> /workspace/T66/ModelGeneration/Runs/Heroes/ChadStacySourceImageBatch01/Raw/Trellis/RoboStacy_Source_01_S1337_D80000_Trellis2.glb
[2026-05-06T22:28:43+00:00] START BillyStacy_Source_01 seed=1337 texture=2048 decimation=80000
[2026-05-06T22:29:48+00:00] DONE BillyStacy_Source_01 4176088 bytes duration=65s -> /workspace/T66/ModelGeneration/Runs/Heroes/ChadStacySourceImageBatch01/Raw/Trellis/BillyStacy_Source_01_S1337_D80000_Trellis2.glb
[2026-05-06T22:29:48+00:00] START RabbitStacy_Source_01 seed=1337 texture=2048 decimation=80000
[2026-05-06T22:30:46+00:00] DONE RabbitStacy_Source_01 4240136 bytes duration=58s -> /workspace/T66/ModelGeneration/Runs/Heroes/ChadStacySourceImageBatch01/Raw/Trellis/RabbitStacy_Source_01_S1337_D80000_Trellis2.glb
[2026-05-06T22:30:46+00:00] START CSStacy_Source_01 seed=1337 texture=2048 decimation=80000
[2026-05-06T22:31:57+00:00] DONE CSStacy_Source_01 4433968 bytes duration=71s -> /workspace/T66/ModelGeneration/Runs/Heroes/ChadStacySourceImageBatch01/Raw/Trellis/CSStacy_Source_01_S1337_D80000_Trellis2.glb
